23:07:03 **** Build of configuration Debug for project Lab 5 ****
make -j8 all 
arm-none-eabi-gcc -o "Lab 5.elf" @"objects.list"   -mcpu=cortex-m3 -T"C:\Users\Hoai Thanh\OneDrive\Documents\HK231\ViXuLy\Microprocessor\MCU_MPU-lab-5\MCU_MPU-lab-5-main\Source\STM32F103C6UX_FLASH.ld" --specs=nosys.specs -Wl,-Map="Lab 5.map" -Wl,--gc-sections -static --specs=nano.specs -mfloat-abi=soft -mthumb -Wl,--start-group -lc -lm -Wl,--end-group
Finished building target: Lab 5.elf
 
arm-none-eabi-size   Lab\ 5.elf 
arm-none-eabi-objdump -h -S  Lab\ 5.elf  > "Lab 5.list"
   text	   data	    bss	    dec	    hex	filename
  15676	    120	   1856	  17652	   44f4	Lab 5.elf
arm-none-eabi-objcopy  -O ihex  Lab\ 5.elf  "Lab 5.hex"
Finished building: default.size.stdout
arm-none-eabi-objcopy  -O binary  Lab\ 5.elf  "Lab 5.bin"
 
Finished building: Lab 5.hex
 
Finished building: Lab 5.list
Finished building: Lab 5.bin
 
 

23:07:04 Build Finished. 0 errors, 0 warnings. (took 1s.523ms)

